// Jest Snapshot v1, https://goo.gl/fbAQLP

exports[`PC:<CurriculumPlan /> render 1`] = `
<div
  className="curriculumPlan"
  style={
    Object {
      "color": "red",
    }
  }
>
  <div
    className="imgText"
  >
    <div
      className="image"
    >
      <img
        alt=""
        src=""
      />
    </div>
    <div
      className="text"
    >
      <p
        dangerouslySetInnerHTML={
          Object {
            "__html": "桔子树艺术教育培训在对超过数十万名学员的教学过程中，针对不同年龄段、学习不同课程、有不同问题、具备不同基础、拥有不同条件、不同上课频率、不同学习周期、不同的学习需求等全方位出发，制定形成了一套桔子树特别的新型教学模式——坚持实施<span style='color: #ffab32'>“一位学员、一份计划、一种方法”</span>的针对性教学模式，即“私人订制教学计划”。",
          }
        }
      />
      <img
        alt=""
        className="adorn"
        src="test-file-stub"
      />
      <img
        alt=""
        className="adorn"
        src="test-file-stub"
      />
      <img
        alt=""
        className="adorn"
        src="test-file-stub"
      />
    </div>
  </div>
  <div
    className="consult-button"
  >
    <button
      className="btnsh_udesk_im"
    >
      预约测评
    </button>
    <button
      className="btnsh_udesk_im"
    >
      咨询课程
    </button>
  </div>
</div>
`;
